Archive member included to satisfy reference by file (symbol)

/Volumes/C_APFS/ExternalApplications/STM32CubeIDE.app/Contents/Eclipse/plugins/com.st.stm32cube.ide.mcu.externaltools.gnu-tools-for-stm32.13.3.rel1.macos64_1.0.0.202411102158/tools/bin/../lib/gcc/arm-none-eabi/13.3.1/../../../../arm-none-eabi/lib/thumb/v7e-m+fp/hard/libc_nano.a(libc_a-exit.o)
                              /Volumes/C_APFS/ExternalApplications/STM32CubeIDE.app/Contents/Eclipse/plugins/com.st.stm32cube.ide.mcu.externaltools.gnu-tools-for-stm32.13.3.rel1.macos64_1.0.0.202411102158/tools/bin/../lib/gcc/arm-none-eabi/13.3.1/../../../../arm-none-eabi/lib/thumb/v7e-m+fp/hard/crt0.o (exit)
/Volumes/C_APFS/ExternalApplications/STM32CubeIDE.app/Contents/Eclipse/plugins/com.st.stm32cube.ide.mcu.externaltools.gnu-tools-for-stm32.13.3.rel1.macos64_1.0.0.202411102158/tools/bin/../lib/gcc/arm-none-eabi/13.3.1/../../../../arm-none-eabi/lib/thumb/v7e-m+fp/hard/libc_nano.a(libc_a-findfp.o)
                              /Volumes/C_APFS/ExternalApplications/STM32CubeIDE.app/Contents/Eclipse/plugins/com.st.stm32cube.ide.mcu.externaltools.gnu-tools-for-stm32.13.3.rel1.macos64_1.0.0.202411102158/tools/bin/../lib/gcc/arm-none-eabi/13.3.1/../../../../arm-none-eabi/lib/thumb/v7e-m+fp/hard/libc_nano.a(libc_a-exit.o) (__stdio_exit_handler)
/Volumes/C_APFS/ExternalApplications/STM32CubeIDE.app/Contents/Eclipse/plugins/com.st.stm32cube.ide.mcu.externaltools.gnu-tools-for-stm32.13.3.rel1.macos64_1.0.0.202411102158/tools/bin/../lib/gcc/arm-none-eabi/13.3.1/../../../../arm-none-eabi/lib/thumb/v7e-m+fp/hard/libc_nano.a(libc_a-fwalk.o)
                              /Volumes/C_APFS/ExternalApplications/STM32CubeIDE.app/Contents/Eclipse/plugins/com.st.stm32cube.ide.mcu.externaltools.gnu-tools-for-stm32.13.3.rel1.macos64_1.0.0.202411102158/tools/bin/../lib/gcc/arm-none-eabi/13.3.1/../../../../arm-none-eabi/lib/thumb/v7e-m+fp/hard/libc_nano.a(libc_a-findfp.o) (_fwalk_sglue)
/Volumes/C_APFS/ExternalApplications/STM32CubeIDE.app/Contents/Eclipse/plugins/com.st.stm32cube.ide.mcu.externaltools.gnu-tools-for-stm32.13.3.rel1.macos64_1.0.0.202411102158/tools/bin/../lib/gcc/arm-none-eabi/13.3.1/../../../../arm-none-eabi/lib/thumb/v7e-m+fp/hard/libc_nano.a(libc_a-memset.o)
                              /Volumes/C_APFS/ExternalApplications/STM32CubeIDE.app/Contents/Eclipse/plugins/com.st.stm32cube.ide.mcu.externaltools.gnu-tools-for-stm32.13.3.rel1.macos64_1.0.0.202411102158/tools/bin/../lib/gcc/arm-none-eabi/13.3.1/../../../../arm-none-eabi/lib/thumb/v7e-m+fp/hard/crt0.o (memset)
/Volumes/C_APFS/ExternalApplications/STM32CubeIDE.app/Contents/Eclipse/plugins/com.st.stm32cube.ide.mcu.externaltools.gnu-tools-for-stm32.13.3.rel1.macos64_1.0.0.202411102158/tools/bin/../lib/gcc/arm-none-eabi/13.3.1/../../../../arm-none-eabi/lib/thumb/v7e-m+fp/hard/libc_nano.a(libc_a-errno.o)
                              ./Core/Src/syscalls.o (__errno)
/Volumes/C_APFS/ExternalApplications/STM32CubeIDE.app/Contents/Eclipse/plugins/com.st.stm32cube.ide.mcu.externaltools.gnu-tools-for-stm32.13.3.rel1.macos64_1.0.0.202411102158/tools/bin/../lib/gcc/arm-none-eabi/13.3.1/../../../../arm-none-eabi/lib/thumb/v7e-m+fp/hard/libc_nano.a(libc_a-init.o)
                              /Volumes/C_APFS/ExternalApplications/STM32CubeIDE.app/Contents/Eclipse/plugins/com.st.stm32cube.ide.mcu.externaltools.gnu-tools-for-stm32.13.3.rel1.macos64_1.0.0.202411102158/tools/bin/../lib/gcc/arm-none-eabi/13.3.1/../../../../arm-none-eabi/lib/thumb/v7e-m+fp/hard/crt0.o (__libc_init_array)
/Volumes/C_APFS/ExternalApplications/STM32CubeIDE.app/Contents/Eclipse/plugins/com.st.stm32cube.ide.mcu.externaltools.gnu-tools-for-stm32.13.3.rel1.macos64_1.0.0.202411102158/tools/bin/../lib/gcc/arm-none-eabi/13.3.1/../../../../arm-none-eabi/lib/thumb/v7e-m+fp/hard/libc_nano.a(libc_a-lock.o)
                              /Volumes/C_APFS/ExternalApplications/STM32CubeIDE.app/Contents/Eclipse/plugins/com.st.stm32cube.ide.mcu.externaltools.gnu-tools-for-stm32.13.3.rel1.macos64_1.0.0.202411102158/tools/bin/../lib/gcc/arm-none-eabi/13.3.1/../../../../arm-none-eabi/lib/thumb/v7e-m+fp/hard/libc_nano.a(libc_a-findfp.o) (__retarget_lock_init_recursive)
/Volumes/C_APFS/ExternalApplications/STM32CubeIDE.app/Contents/Eclipse/plugins/com.st.stm32cube.ide.mcu.externaltools.gnu-tools-for-stm32.13.3.rel1.macos64_1.0.0.202411102158/tools/bin/../lib/gcc/arm-none-eabi/13.3.1/../../../../arm-none-eabi/lib/thumb/v7e-m+fp/hard/libc_nano.a(libc_a-impure.o)
                              /Volumes/C_APFS/ExternalApplications/STM32CubeIDE.app/Contents/Eclipse/plugins/com.st.stm32cube.ide.mcu.externaltools.gnu-tools-for-stm32.13.3.rel1.macos64_1.0.0.202411102158/tools/bin/../lib/gcc/arm-none-eabi/13.3.1/../../../../arm-none-eabi/lib/thumb/v7e-m+fp/hard/libc_nano.a(libc_a-errno.o) (_impure_ptr)
[...]
Memory Configuration

Name             Origin             Length             Attributes
RAM              0x20000000         0x0000c000         xrw
RAM2             0x10000000         0x00004000         xrw
FLASH            0x08000000         0x00040000         xr
*default*        0x00000000         0xffffffff

Linker script and memory map

LOAD /Volumes/C_APFS/ExternalApplications/STM32CubeIDE.app/Contents/Eclipse/plugins/com.st.stm32cube.ide.mcu.externaltools.gnu-tools-for-stm32.13.3.rel1.macos64_1.0.0.202411102158/tools/bin/../lib/gcc/arm-none-eabi/13.3.1/thumb/v7e-m+fp/hard/crti.o
LOAD /Volumes/C_APFS/ExternalApplications/STM32CubeIDE.app/Contents/Eclipse/plugins/com.st.stm32cube.ide.mcu.externaltools.gnu-tools-for-stm32.13.3.rel1.macos64_1.0.0.202411102158/tools/bin/../lib/gcc/arm-none-eabi/13.3.1/thumb/v7e-m+fp/hard/crtbegin.o
LOAD /Volumes/C_APFS/ExternalApplications/STM32CubeIDE.app/Contents/Eclipse/plugins/com.st.stm32cube.ide.mcu.externaltools.gnu-tools-for-stm32.13.3.rel1.macos64_1.0.0.202411102158/tools/bin/../lib/gcc/arm-none-eabi/13.3.1/../../../../arm-none-eabi/lib/thumb/v7e-m+fp/hard/crt0.o
LOAD ./Core/Src/main.o
LOAD ./Core/Src/stm32l4xx_hal_msp.o
LOAD ./Core/Src/stm32l4xx_it.o
LOAD ./Core/Src/syscalls.o
LOAD ./Core/Src/sysmem.o
LOAD ./Core/Src/system_stm32l4xx.o
LOAD ./Core/Startup/startup_stm32l432kcux.o
LOAD ./Drivers/STM32L4xx_HAL_Driver/Src/stm32l4xx_hal.o
LOAD ./Drivers/STM32L4xx_HAL_Driver/Src/stm32l4xx_hal_cortex.o
LOAD ./Drivers/STM32L4xx_HAL_Driver/Src/stm32l4xx_hal_dma.o
LOAD ./Drivers/STM32L4xx_HAL_Driver/Src/stm32l4xx_hal_dma_ex.o
LOAD ./Drivers/STM32L4xx_HAL_Driver/Src/stm32l4xx_hal_exti.o
LOAD ./Drivers/STM32L4xx_HAL_Driver/Src/stm32l4xx_hal_flash.o
LOAD ./Drivers/STM32L4xx_HAL_Driver/Src/stm32l4xx_hal_flash_ex.o
LOAD ./Drivers/STM32L4xx_HAL_Driver/Src/stm32l4xx_hal_flash_ramfunc.o
LOAD ./Drivers/STM32L4xx_HAL_Driver/Src/stm32l4xx_hal_gpio.o
LOAD ./Drivers/STM32L4xx_HAL_Driver/Src/stm32l4xx_hal_i2c.o
LOAD ./Drivers/STM32L4xx_HAL_Driver/Src/stm32l4xx_hal_i2c_ex.o
LOAD ./Drivers/STM32L4xx_HAL_Driver/Src/stm32l4xx_hal_pwr.o
LOAD ./Drivers/STM32L4xx_HAL_Driver/Src/stm32l4xx_hal_pwr_ex.o
LOAD ./Drivers/STM32L4xx_HAL_Driver/Src/stm32l4xx_hal_rcc.o
LOAD ./Drivers/STM32L4xx_HAL_Driver/Src/stm32l4xx_hal_rcc_ex.o
LOAD ./Drivers/STM32L4xx_HAL_Driver/Src/stm32l4xx_hal_uart.o
LOAD ./Drivers/STM32L4xx_HAL_Driver/Src/stm32l4xx_hal_uart_ex.o
START GROUP
LOAD /Volumes/C_APFS/ExternalApplications/STM32CubeIDE.app/Contents/Eclipse/plugins/com.st.stm32cube.ide.mcu.externaltools.gnu-tools-for-stm32.13.3.rel1.macos64_1.0.0.202411102158/tools/bin/../lib/gcc/arm-none-eabi/13.3.1/../../../../arm-none-eabi/lib/thumb/v7e-m+fp/hard/libc_nano.a
LOAD /Volumes/C_APFS/ExternalApplications/STM32CubeIDE.app/Contents/Eclipse/plugins/com.st.stm32cube.ide.mcu.externaltools.gnu-tools-for-stm32.13.3.rel1.macos64_1.0.0.202411102158/tools/bin/../lib/gcc/arm-none-eabi/13.3.1/../../../../arm-none-eabi/lib/thumb/v7e-m+fp/hard/libm.a
END GROUP
START GROUP
LOAD /Volumes/C_APFS/ExternalApplications/STM32CubeIDE.app/Contents/Eclipse/plugins/com.st.stm32cube.ide.mcu.externaltools.gnu-tools-for-stm32.13.3.rel1.macos64_1.0.0.202411102158/tools/bin/../lib/gcc/arm-none-eabi/13.3.1/thumb/v7e-m+fp/hard/libgcc.a
LOAD /Volumes/C_APFS/ExternalApplications/STM32CubeIDE.app/Contents/Eclipse/plugins/com.st.stm32cube.ide.mcu.externaltools.gnu-tools-for-stm32.13.3.rel1.macos64_1.0.0.202411102158/tools/bin/../lib/gcc/arm-none-eabi/13.3.1/../../../../arm-none-eabi/lib/thumb/v7e-m+fp/hard/libc_nano.a
END GROUP
START GROUP
LOAD /Volumes/C_APFS/ExternalApplications/STM32CubeIDE.app/Contents/Eclipse/plugins/com.st.stm32cube.ide.mcu.externaltools.gnu-tools-for-stm32.13.3.rel1.macos64_1.0.0.202411102158/tools/bin/../lib/gcc/arm-none-eabi/13.3.1/thumb/v7e-m+fp/hard/libgcc.a
LOAD /Volumes/C_APFS/ExternalApplications/STM32CubeIDE.app/Contents/Eclipse/plugins/com.st.stm32cube.ide.mcu.externaltools.gnu-tools-for-stm32.13.3.rel1.macos64_1.0.0.202411102158/tools/bin/../lib/gcc/arm-none-eabi/13.3.1/../../../../arm-none-eabi/lib/thumb/v7e-m+fp/hard/libc_nano.a
LOAD /Volumes/C_APFS/ExternalApplications/STM32CubeIDE.app/Contents/Eclipse/plugins/com.st.stm32cube.ide.mcu.externaltools.gnu-tools-for-stm32.13.3.rel1.macos64_1.0.0.202411102158/tools/bin/../lib/gcc/arm-none-eabi/13.3.1/../../../../arm-none-eabi/lib/thumb/v7e-m+fp/hard/libnosys.a
END GROUP
START GROUP
LOAD /Volumes/C_APFS/ExternalApplications/STM32CubeIDE.app/Contents/Eclipse/plugins/com.st.stm32cube.ide.mcu.externaltools.gnu-tools-for-stm32.13.3.rel1.macos64_1.0.0.202411102158/tools/bin/../lib/gcc/arm-none-eabi/13.3.1/thumb/v7e-m+fp/hard/libgcc.a
LOAD /Volumes/C_APFS/ExternalApplications/STM32CubeIDE.app/Contents/Eclipse/plugins/com.st.stm32cube.ide.mcu.externaltools.gnu-tools-for-stm32.13.3.rel1.macos64_1.0.0.202411102158/tools/bin/../lib/gcc/arm-none-eabi/13.3.1/../../../../arm-none-eabi/lib/thumb/v7e-m+fp/hard/libc_nano.a
LOAD /Volumes/C_APFS/ExternalApplications/STM32CubeIDE.app/Contents/Eclipse/plugins/com.st.stm32cube.ide.mcu.externaltools.gnu-tools-for-stm32.13.3.rel1.macos64_1.0.0.202411102158/tools/bin/../lib/gcc/arm-none-eabi/13.3.1/../../../../arm-none-eabi/lib/thumb/v7e-m+fp/hard/libnosys.a
END GROUP
LOAD /Volumes/C_APFS/ExternalApplications/STM32CubeIDE.app/Contents/Eclipse/plugins/com.st.stm32cube.ide.mcu.externaltools.gnu-tools-for-stm32.13.3.rel1.macos64_1.0.0.202411102158/tools/bin/../lib/gcc/arm-none-eabi/13.3.1/thumb/v7e-m+fp/hard/crtend.o
LOAD /Volumes/C_APFS/ExternalApplications/STM32CubeIDE.app/Contents/Eclipse/plugins/com.st.stm32cube.ide.mcu.externaltools.gnu-tools-for-stm32.13.3.rel1.macos64_1.0.0.202411102158/tools/bin/../lib/gcc/arm-none-eabi/13.3.1/thumb/v7e-m+fp/hard/crtn.o
                0x2000c000                        _estack = (ORIGIN (RAM) + LENGTH (RAM))
                0x00000200                        _Min_Heap_Size = 0x200
                0x00000400                        _Min_Stack_Size = 0x400

.isr_vector     0x08000000      0x18c
                0x08000000                        . = ALIGN (0x4)
 *(.isr_vector)
 .isr_vector    0x08000000      0x18c ./Core/Startup/startup_stm32l432kcux.o
                0x08000000                g_pfnVectors
                0x0800018c                        . = ALIGN (0x4)

.text           0x0800018c     0x2fa8
                0x0800018c                        . = ALIGN (0x4)
 *(.text)
 .text          0x0800018c       0x40 /Volumes/C_APFS/ExternalApplications/STM32CubeIDE.app/Contents/Eclipse/plugins/com.st.stm32cube.ide.mcu.externaltools.gnu-tools-for-stm32.13.3.rel1.macos64_1.0.0.202411102158/tools/bin/../lib/gcc/arm-none-eabi/13.3.1/thumb/v7e-m+fp/hard/crtbegin.o
 .text          0x080001cc       0x30 /Volumes/C_APFS/ExternalApplications/STM32CubeIDE.app/Contents/Eclipse/plugins/com.st.stm32cube.ide.mcu.externaltools.gnu-tools-for-stm32.13.3.rel1.macos64_1.0.0.202411102158/tools/bin/../lib/gcc/arm-none-eabi/13.3.1/thumb/v7e-m+fp/hard/libgcc.a(_aeabi_uldivmod.o)
                0x080001cc                __aeabi_uldivmod
 .text          0x080001fc      0x2f8 /Volumes/C_APFS/ExternalApplications/STM32CubeIDE.app/Contents/Eclipse/plugins/com.st.stm32cube.ide.mcu.externaltools.gnu-tools-for-stm32.13.3.rel1.macos64_1.0.0.202411102158/tools/bin/../lib/gcc/arm-none-eabi/13.3.1/thumb/v7e-m+fp/hard/libgcc.a(_udivmoddi4.o)
                0x080001fc                __udivmoddi4
 .text          0x080004f4        0x4 /Volumes/C_APFS/ExternalApplications/STM32CubeIDE.app/Contents/Eclipse/plugins/com.st.stm32cube.ide.mcu.externaltools.gnu-tools-for-stm32.13.3.rel1.macos64_1.0.0.202411102158/tools/bin/../lib/gcc/arm-none-eabi/13.3.1/thumb/v7e-m+fp/hard/libgcc.a(_dvmd_tls.o)
                0x080004f4                __aeabi_ldiv0
                0x080004f4                __aeabi_idiv0
 *(.text*)
 .text.main     0x080004f8      0x1b4 ./Core/Src/main.o
                0x080004f8                main
 .text.SystemClock_Config
                0x080006ac       0xc4 ./Core/Src/main.o
                0x080006ac                SystemClock_Config
 .text.MX_USART1_UART_Init
                0x08000770       0x60 ./Core/Src/main.o
 .text.MX_USART2_UART_Init
                0x080007d0       0x60 ./Core/Src/main.o
 .text.MX_GPIO_Init
                0x08000830       0x94 ./Core/Src/main.o
 .text.checkMode
                0x080008c4       0x34 ./Core/Src/main.o
                0x080008c4                checkMode
 .text.checkUltra
                0x080008f8       0x16 ./Core/Src/main.o
                0x080008f8                checkUltra
 *fill*         0x0800090e        0x2 
 .text.sendUltraStart
                0x08000910       0x20 ./Core/Src/main.o
                0x08000910                sendUltraStart
 .text.sendUltraEnd
                0x08000930       0x20 ./Core/Src/main.o
                0x08000930                sendUltraEnd
 .text.Error_Handler
                0x08000950        0xc ./Core/Src/main.o
                0x08000950                Error_Handler
 .text.HAL_MspInit
                0x0800095c       0x48 ./Core/Src/stm32l4xx_hal_msp.o
                0x0800095c                HAL_MspInit
 .text.HAL_UART_MspInit
                0x080009a4      0x154 ./Core/Src/stm32l4xx_hal_msp.o
                0x080009a4                HAL_UART_MspInit
 .text.NMI_Handler
                0x08000af8        0x8 ./Core/Src/stm32l4xx_it.o
                0x08000af8                NMI_Handler
 .text.HardFault_Handler
                0x08000b00        0x8 ./Core/Src/stm32l4xx_it.o
                0x08000b00                HardFault_Handler
 .text.MemManage_Handler
                0x08000b08        0x8 ./Core/Src/stm32l4xx_it.o
                0x08000b08                MemManage_Handler
 .text.BusFault_Handler
                0x08000b10        0x8 ./Core/Src/stm32l4xx_it.o
                0x08000b10                BusFault_Handler
 .text.UsageFault_Handler
                0x08000b18        0x8 ./Core/Src/stm32l4xx_it.o
                0x08000b18                UsageFault_Handler
 .text.SVC_Handler
                0x08000b20        0xe ./Core/Src/stm32l4xx_it.o
                0x08000b20                SVC_Handler
 .text.DebugMon_Handler
                0x08000b2e        0xe ./Core/Src/stm32l4xx_it.o
                0x08000b2e                DebugMon_Handler
 .text.PendSV_Handler
                0x08000b3c        0xe ./Core/Src/stm32l4xx_it.o
                0x08000b3c                PendSV_Handler
 .text.SysTick_Handler
                0x08000b4a        0xc ./Core/Src/stm32l4xx_it.o
                0x08000b4a                SysTick_Handler
 *fill*         0x08000b56        0x2 
 .text.SystemInit
                0x08000b58       0x24 ./Core/Src/system_stm32l4xx.o
                0x08000b58                SystemInit
 .text.Reset_Handler
                0x08000b7c       0x50 ./Core/Startup/startup_stm32l432kcux.o
                0x08000b7c                Reset_Handler
 .text.Default_Handler
                0x08000bcc        0x2 ./Core/Startup/startup_stm32l432kcux.o
                0x08000bcc                TIM1_BRK_TIM15_IRQHandler
                0x08000bcc                EXTI2_IRQHandler
                0x08000bcc                TIM1_CC_IRQHandler
                0x08000bcc                TSC_IRQHandler
                0x08000bcc                TAMP_STAMP_IRQHandler
                0x08000bcc                EXTI3_IRQHandler
                0x08000bcc                LPTIM2_IRQHandler
                0x08000bcc                I2C3_ER_IRQHandler
                0x08000bcc                EXTI0_IRQHandler
                0x08000bcc                CAN1_RX0_IRQHandler
                0x08000bcc                FPU_IRQHandler
                0x08000bcc                TIM1_UP_TIM16_IRQHandler
                0x08000bcc                SPI1_IRQHandler
                0x08000bcc                TIM6_DAC_IRQHandler
                0x08000bcc                DMA2_Channel2_IRQHandler
                0x08000bcc                DMA1_Channel4_IRQHandler
                0x08000bcc                ADC1_IRQHandler
                0x08000bcc                DMA1_Channel7_IRQHandler
                0x08000bcc                CAN1_RX1_IRQHandler
                0x08000bcc                DMA2_Channel1_IRQHandler
                0x08000bcc                QUADSPI_IRQHandler
                0x08000bcc                I2C1_EV_IRQHandler
                0x08000bcc                DMA1_Channel6_IRQHandler
                0x08000bcc                DMA2_Channel4_IRQHandler
                0x08000bcc                RCC_IRQHandler
                0x08000bcc                TIM1_TRG_COM_IRQHandler
                0x08000bcc                DMA1_Channel1_IRQHandler
                0x08000bcc                Default_Handler
                0x08000bcc                DMA2_Channel7_IRQHandler
                0x08000bcc                EXTI15_10_IRQHandler
                0x08000bcc                TIM7_IRQHandler
                0x08000bcc                I2C3_EV_IRQHandler
                0x08000bcc                USB_IRQHandler
                0x08000bcc                EXTI9_5_IRQHandler
                0x08000bcc                RTC_WKUP_IRQHandler
                0x08000bcc                PVD_PVM_IRQHandler
                0x08000bcc                CAN1_TX_IRQHandler
                0x08000bcc                DMA2_Channel5_IRQHandler
                0x08000bcc                CRS_IRQHandler
                0x08000bcc                DMA1_Channel5_IRQHandler
                0x08000bcc                EXTI4_IRQHandler
                0x08000bcc                RNG_IRQHandler
                0x08000bcc                DMA1_Channel3_IRQHandler
                0x08000bcc                COMP_IRQHandler
                0x08000bcc                WWDG_IRQHandler
                0x08000bcc                LPUART1_IRQHandler
                0x08000bcc                DMA2_Channel6_IRQHandler
                0x08000bcc                TIM2_IRQHandler
                0x08000bcc                EXTI1_IRQHandler
                0x08000bcc                USART2_IRQHandler
                0x08000bcc                DMA1_Channel2_IRQHandler
                0x08000bcc                CAN1_SCE_IRQHandler
                0x08000bcc                FLASH_IRQHandler
                0x08000bcc                USART1_IRQHandler
                0x08000bcc                SPI3_IRQHandler
                0x08000bcc                I2C1_ER_IRQHandler
                0x08000bcc                SWPMI1_IRQHandler
                0x08000bcc                LPTIM1_IRQHandler
                0x08000bcc                SAI1_IRQHandler
                0x08000bcc                DMA2_Channel3_IRQHandler
                0x08000bcc                RTC_Alarm_IRQHandler
 .text.HAL_Init
                0x08000bce       0x30 ./Drivers/STM32L4xx_HAL_Driver/Src/stm32l4xx_hal.o
                0x08000bce                HAL_Init
 *fill*         0x08000bfe        0x2 
 .text.HAL_InitTick
                0x08000c00       0x78 ./Drivers/STM32L4xx_HAL_Driver/Src/stm32l4xx_hal.o
                0x08000c00                HAL_InitTick
 .text.HAL_IncTick
                0x08000c78       0x28 ./Drivers/STM32L4xx_HAL_Driver/Src/stm32l4xx_hal.o
                0x08000c78                HAL_IncTick
 .text.HAL_GetTick
                0x08000ca0       0x18 ./Drivers/STM32L4xx_HAL_Driver/Src/stm32l4xx_hal.o
                0x08000ca0                HAL_GetTick
 .text.__NVIC_SetPriorityGrouping
                0x08000cb8       0x48 ./Drivers/STM32L4xx_HAL_Driver/Src/stm32l4xx_hal_cortex.o
 .text.__NVIC_GetPriorityGrouping
                0x08000d00       0x1c ./Drivers/STM32L4xx_HAL_Driver/Src/stm32l4xx_hal_cortex.o
 .text.__NVIC_SetPriority
                0x08000d1c       0x54 ./Drivers/STM32L4xx_HAL_Driver/Src/stm32l4xx_hal_cortex.o
 .text.NVIC_EncodePriority
                0x08000d70       0x66 ./Drivers/STM32L4xx_HAL_Driver/Src/stm32l4xx_hal_cortex.o
 *fill*         0x08000dd6        0x2 
 .text.SysTick_Config
                0x08000dd8       0x44 ./Drivers/STM32L4xx_HAL_Driver/Src/stm32l4xx_hal_cortex.o
 .text.HAL_NVIC_SetPriorityGrouping
                0x08000e1c       0x16 ./Drivers/STM32L4xx_HAL_Driver/Src/stm32l4xx_hal_cortex.o
                0x08000e1c                HAL_NVIC_SetPriorityGrouping
 .text.HAL_NVIC_SetPriority
                0x08000e32       0x38 ./Drivers/STM32L4xx_HAL_Driver/Src/stm32l4xx_hal_cortex.o
                0x08000e32                HAL_NVIC_SetPriority
 .text.HAL_SYSTICK_Config
                0x08000e6a       0x18 ./Drivers/STM32L4xx_HAL_Driver/Src/stm32l4xx_hal_cortex.o
                0x08000e6a                HAL_SYSTICK_Config
 *fill*         0x08000e82        0x2 
 .text.HAL_GPIO_Init
                0x08000e84      0x2d4 ./Drivers/STM32L4xx_HAL_Driver/Src/stm32l4xx_hal_gpio.o
                0x08000e84                HAL_GPIO_Init
 .text.HAL_GPIO_WritePin
                0x08001158       0x30 ./Drivers/STM32L4xx_HAL_Driver/Src/stm32l4xx_hal_gpio.o
                0x08001158                HAL_GPIO_WritePin
 .text.HAL_PWR_EnableBkUpAccess
                0x08001188       0x20 ./Drivers/STM32L4xx_HAL_Driver/Src/stm32l4xx_hal_pwr.o
                0x08001188                HAL_PWR_EnableBkUpAccess
 .text.HAL_PWREx_GetVoltageRange
                0x080011a8       0x1c ./Drivers/STM32L4xx_HAL_Driver/Src/stm32l4xx_hal_pwr_ex.o
                0x080011a8                HAL_PWREx_GetVoltageRange
 .text.HAL_PWREx_ControlVoltageScaling
                0x080011c4       0xac ./Drivers/STM32L4xx_HAL_Driver/Src/stm32l4xx_hal_pwr_ex.o
                0x080011c4                HAL_PWREx_ControlVoltageScaling
 .text.HAL_RCC_OscConfig
                0x08001270      0x828 ./Drivers/STM32L4xx_HAL_Driver/Src/stm32l4xx_hal_rcc.o
                0x08001270                HAL_RCC_OscConfig
 .text.HAL_RCC_ClockConfig
                0x08001a98      0x200 ./Drivers/STM32L4xx_HAL_Driver/Src/stm32l4xx_hal_rcc.o
                0x08001a98                HAL_RCC_ClockConfig
 .text.HAL_RCC_GetSysClockFreq
                0x08001c98      0x118 ./Drivers/STM32L4xx_HAL_Driver/Src/stm32l4xx_hal_rcc.o
                0x08001c98                HAL_RCC_GetSysClockFreq
 .text.HAL_RCC_GetHCLKFreq
                0x08001db0       0x18 ./Drivers/STM32L4xx_HAL_Driver/Src/stm32l4xx_hal_rcc.o
                0x08001db0                HAL_RCC_GetHCLKFreq
 .text.HAL_RCC_GetPCLK1Freq
                0x08001dc8       0x2c ./Drivers/STM32L4xx_HAL_Driver/Src/stm32l4xx_hal_rcc.o
                0x08001dc8                HAL_RCC_GetPCLK1Freq
 .text.HAL_RCC_GetPCLK2Freq
                0x08001df4       0x2c ./Drivers/STM32L4xx_HAL_Driver/Src/stm32l4xx_hal_rcc.o
                0x08001df4                HAL_RCC_GetPCLK2Freq
 .text.RCC_SetFlashLatencyFromMSIRange
                0x08001e20       0xc0 ./Drivers/STM32L4xx_HAL_Driver/Src/stm32l4xx_hal_rcc.o
 .text.HAL_RCCEx_PeriphCLKConfig
                0x08001ee0      0x3ec ./Drivers/STM32L4xx_HAL_Driver/Src/stm32l4xx_hal_rcc_ex.o
                0x08001ee0                HAL_RCCEx_PeriphCLKConfig
 .text.HAL_RCCEx_EnableMSIPLLMode
                0x080022cc       0x20 ./Drivers/STM32L4xx_HAL_Driver/Src/stm32l4xx_hal_rcc_ex.o
                0x080022cc                HAL_RCCEx_EnableMSIPLLMode
 .text.RCCEx_PLLSAI1_Config
                0x080022ec      0x1e4 ./Drivers/STM32L4xx_HAL_Driver/Src/stm32l4xx_hal_rcc_ex.o
 .text.HAL_UART_Init
                0x080024d0       0x9c ./Drivers/STM32L4xx_HAL_Driver/Src/stm32l4xx_hal_uart.o
                0x080024d0                HAL_UART_Init
 .text.HAL_UART_Transmit
                0x0800256c      0x126 ./Drivers/STM32L4xx_HAL_Driver/Src/stm32l4xx_hal_uart.o
                0x0800256c                HAL_UART_Transmit
 .text.HAL_UART_Receive
                0x08002692      0x1a0 ./Drivers/STM32L4xx_HAL_Driver/Src/stm32l4xx_hal_uart.o
                0x08002692                HAL_UART_Receive
 *fill*         0x08002832        0x2 
 .text.UART_SetConfig
                0x08002834      0x458 ./Drivers/STM32L4xx_HAL_Driver/Src/stm32l4xx_hal_uart.o
                0x08002834                UART_SetConfig
 .text.UART_AdvFeatureConfig
                0x08002c8c      0x144 ./Drivers/STM32L4xx_HAL_Driver/Src/stm32l4xx_hal_uart.o
                0x08002c8c                UART_AdvFeatureConfig
 .text.UART_CheckIdleState
                0x08002dd0      0x150 ./Drivers/STM32L4xx_HAL_Driver/Src/stm32l4xx_hal_uart.o
                0x08002dd0                UART_CheckIdleState
 .text.UART_WaitOnFlagUntilTimeout
                0x08002f20       0xda ./Drivers/STM32L4xx_HAL_Driver/Src/stm32l4xx_hal_uart.o
                0x08002f20                UART_WaitOnFlagUntilTimeout
 .text.UART_EndRxTransfer
                0x08002ffa       0xc8 ./Drivers/STM32L4xx_HAL_Driver/Src/stm32l4xx_hal_uart.o
 .text.memset   0x080030c2       0x10 /Volumes/C_APFS/ExternalApplications/STM32CubeIDE.app/Contents/Eclipse/plugins/com.st.stm32cube.ide.mcu.externaltools.gnu-tools-for-stm32.13.3.rel1.macos64_1.0.0.202411102158/tools/bin/../lib/gcc/arm-none-eabi/13.3.1/../../../../arm-none-eabi/lib/thumb/v7e-m+fp/hard/libc_nano.a(libc_a-memset.o)
                0x080030c2                memset
 *fill*         0x080030d2        0x2 
 .text.__libc_init_array
                0x080030d4       0x48 /Volumes/C_APFS/ExternalApplications/STM32CubeIDE.app/Contents/Eclipse/plugins/com.st.stm32cube.ide.mcu.externaltools.gnu-tools-for-stm32.13.3.rel1.macos64_1.0.0.202411102158/tools/bin/../lib/gcc/arm-none-eabi/13.3.1/../../../../arm-none-eabi/lib/thumb/v7e-m+fp/hard/libc_nano.a(libc_a-init.o)
                0x080030d4                __libc_init_array
 *(.glue_7)
 .glue_7        0x0800311c        0x0 linker stubs
 *(.glue_7t)
 .glue_7t       0x0800311c        0x0 linker stubs
 *(.eh_frame)
 .eh_frame      0x0800311c        0x0 /Volumes/C_APFS/ExternalApplications/STM32CubeIDE.app/Contents/Eclipse/plugins/com.st.stm32cube.ide.mcu.externaltools.gnu-tools-for-stm32.13.3.rel1.macos64_1.0.0.202411102158/tools/bin/../lib/gcc/arm-none-eabi/13.3.1/thumb/v7e-m+fp/hard/crtbegin.o
 *(.init)
 .init          0x0800311c        0x4 /Volumes/C_APFS/ExternalApplications/STM32CubeIDE.app/Contents/Eclipse/plugins/com.st.stm32cube.ide.mcu.externaltools.gnu-tools-for-stm32.13.3.rel1.macos64_1.0.0.202411102158/tools/bin/../lib/gcc/arm-none-eabi/13.3.1/thumb/v7e-m+fp/hard/crti.o
                0x0800311c                _init
 .init          0x08003120        0x8 /Volumes/C_APFS/ExternalApplications/STM32CubeIDE.app/Contents/Eclipse/plugins/com.st.stm32cube.ide.mcu.externaltools.gnu-tools-for-stm32.13.3.rel1.macos64_1.0.0.202411102158/tools/bin/../lib/gcc/arm-none-eabi/13.3.1/thumb/v7e-m+fp/hard/crtn.o
 *(.fini)
 .fini          0x08003128        0x4 /Volumes/C_APFS/ExternalApplications/STM32CubeIDE.app/Contents/Eclipse/plugins/com.st.stm32cube.ide.mcu.externaltools.gnu-tools-for-stm32.13.3.rel1.macos64_1.0.0.202411102158/tools/bin/../lib/gcc/arm-none-eabi/13.3.1/thumb/v7e-m+fp/hard/crti.o
                0x08003128                _fini
 .fini          0x0800312c        0x8 /Volumes/C_APFS/ExternalApplications/STM32CubeIDE.app/Contents/Eclipse/plugins/com.st.stm32cube.ide.mcu.externaltools.gnu-tools-for-stm32.13.3.rel1.macos64_1.0.0.202411102158/tools/bin/../lib/gcc/arm-none-eabi/13.3.1/thumb/v7e-m+fp/hard/crtn.o
                0x08003134                        . = ALIGN (0x4)
                0x08003134                        _etext = .

.vfp11_veneer   0x08003134        0x0
 .vfp11_veneer  0x08003134        0x0 linker stubs

.v4_bx          0x08003134        0x0
 .v4_bx         0x08003134        0x0 linker stubs

.iplt           0x08003134        0x0
 .iplt          0x08003134        0x0 /Volumes/C_APFS/ExternalApplications/STM32CubeIDE.app/Contents/Eclipse/plugins/com.st.stm32cube.ide.mcu.externaltools.gnu-tools-for-stm32.13.3.rel1.macos64_1.0.0.202411102158/tools/bin/../lib/gcc/arm-none-eabi/13.3.1/thumb/v7e-m+fp/hard/crtbegin.o

.rodata         0x08003134       0x48
                0x08003134                        . = ALIGN (0x4)
 *(.rodata)
 *(.rodata*)
 .rodata.AHBPrescTable
                0x08003134       0x10 ./Core/Src/system_stm32l4xx.o
                0x08003134                AHBPrescTable
 .rodata.APBPrescTable
                0x08003144        0x8 ./Core/Src/system_stm32l4xx.o
                0x08003144                APBPrescTable
 .rodata.MSIRangeTable
                0x0800314c       0x30 ./Core/Src/system_stm32l4xx.o
                0x0800314c                MSIRangeTable
                0x0800317c                        . = ALIGN (0x4)

.ARM.extab      0x0800317c        0x0
                0x0800317c                        . = ALIGN (0x4)
 *(.ARM.extab* .gnu.linkonce.armextab.*)
                0x0800317c                        . = ALIGN (0x4)

.ARM            0x0800317c        0x8
                0x0800317c                        . = ALIGN (0x4)
                0x0800317c                        __exidx_start = .
 *(.ARM.exidx*)
 .ARM.exidx     0x0800317c        0x8 /Volumes/C_APFS/ExternalApplications/STM32CubeIDE.app/Contents/Eclipse/plugins/com.st.stm32cube.ide.mcu.externaltools.gnu-tools-for-stm32.13.3.rel1.macos64_1.0.0.202411102158/tools/bin/../lib/gcc/arm-none-eabi/13.3.1/thumb/v7e-m+fp/hard/libgcc.a(_udivmoddi4.o)
                0x08003184                        __exidx_end = .
                0x08003184                        . = ALIGN (0x4)

.preinit_array  0x08003184        0x0
                0x08003184                        . = ALIGN (0x4)
                0x08003184                        PROVIDE (__preinit_array_start = .)
 *(.preinit_array*)
                0x08003184                        PROVIDE (__preinit_array_end = .)
                0x08003184                        . = ALIGN (0x4)

.init_array     0x08003184        0x4
                0x08003184                        . = ALIGN (0x4)
                0x08003184                        PROVIDE (__init_array_start = .)
 *(SORT_BY_NAME(.init_array.*))
 *(.init_array*)
 .init_array    0x08003184        0x4 /Volumes/C_APFS/ExternalApplications/STM32CubeIDE.app/Contents/Eclipse/plugins/com.st.stm32cube.ide.mcu.externaltools.gnu-tools-for-stm32.13.3.rel1.macos64_1.0.0.202411102158/tools/bin/../lib/gcc/arm-none-eabi/13.3.1/thumb/v7e-m+fp/hard/crtbegin.o
                0x08003188                        PROVIDE (__init_array_end = .)
                0x08003188                        . = ALIGN (0x4)

.fini_array     0x08003188        0x4
                0x08003188                        . = ALIGN (0x4)
                [!provide]                        PROVIDE (__fini_array_start = .)
 *(SORT_BY_NAME(.fini_array.*))
 *(.fini_array*)
 .fini_array    0x08003188        0x4 /Volumes/C_APFS/ExternalApplications/STM32CubeIDE.app/Contents/Eclipse/plugins/com.st.stm32cube.ide.mcu.externaltools.gnu-tools-for-stm32.13.3.rel1.macos64_1.0.0.202411102158/tools/bin/../lib/gcc/arm-none-eabi/13.3.1/thumb/v7e-m+fp/hard/crtbegin.o
                [!provide]                        PROVIDE (__fini_array_end = .)
                0x0800318c                        . = ALIGN (0x4)
                0x0800318c                        _sidata = LOADADDR (.data)

.rel.dyn        0x0800318c        0x0
 .rel.iplt      0x0800318c        0x0 /Volumes/C_APFS/ExternalApplications/STM32CubeIDE.app/Contents/Eclipse/plugins/com.st.stm32cube.ide.mcu.externaltools.gnu-tools-for-stm32.13.3.rel1.macos64_1.0.0.202411102158/tools/bin/../lib/gcc/arm-none-eabi/13.3.1/thumb/v7e-m+fp/hard/crtbegin.o

.data           0x20000000       0x1c load address 0x0800318c
                0x20000000                        . = ALIGN (0x4)
                0x20000000                        _sdata = .
 *(.data)
 *(.data*)
 .data.modeDelay
                0x20000000        0x4 ./Core/Src/main.o
                0x20000000                modeDelay
 .data.sampleRateOUT
                0x20000004        0x4 ./Core/Src/main.o
                0x20000004                sampleRateOUT
 .data.start    0x20000008        0x4 ./Core/Src/main.o
                0x20000008                start
 .data.end      0x2000000c        0x4 ./Core/Src/main.o
                0x2000000c                end
 .data.SystemCoreClock
                0x20000010        0x4 ./Core/Src/system_stm32l4xx.o
                0x20000010                SystemCoreClock
 .data.uwTickPrio
                0x20000014        0x4 ./Drivers/STM32L4xx_HAL_Driver/Src/stm32l4xx_hal.o
                0x20000014                uwTickPrio
 .data.uwTickFreq
                0x20000018        0x1 ./Drivers/STM32L4xx_HAL_Driver/Src/stm32l4xx_hal.o
                0x20000018                uwTickFreq
 *(.RamFunc)
 *(.RamFunc*)
                0x2000001c                        . = ALIGN (0x4)
 *fill*         0x20000019        0x3 
                0x2000001c                        _edata = .

.igot.plt       0x2000001c        0x0 load address 0x080031a8
 .igot.plt      0x2000001c        0x0 /Volumes/C_APFS/ExternalApplications/STM32CubeIDE.app/Contents/Eclipse/plugins/com.st.stm32cube.ide.mcu.externaltools.gnu-tools-for-stm32.13.3.rel1.macos64_1.0.0.202411102158/tools/bin/../lib/gcc/arm-none-eabi/13.3.1/thumb/v7e-m+fp/hard/crtbegin.o
                0x2000001c                        . = ALIGN (0x4)

.bss            0x2000001c      0x148 load address 0x080031a8
                0x2000001c                        _sbss = .
                0x2000001c                        __bss_start__ = _sbss
 *(.bss)
 .bss           0x2000001c       0x1c /Volumes/C_APFS/ExternalApplications/STM32CubeIDE.app/Contents/Eclipse/plugins/com.st.stm32cube.ide.mcu.externaltools.gnu-tools-for-stm32.13.3.rel1.macos64_1.0.0.202411102158/tools/bin/../lib/gcc/arm-none-eabi/13.3.1/thumb/v7e-m+fp/hard/crtbegin.o
 *(.bss*)
 .bss.huart1    0x20000038       0x88 ./Core/Src/main.o
                0x20000038                huart1
 .bss.huart2    0x200000c0       0x88 ./Core/Src/main.o
                0x200000c0                huart2
 .bss.mode      0x20000148        0x1 ./Core/Src/main.o
                0x20000148                mode
 *fill*         0x20000149        0x3 
 .bss.ultraRecording
                0x2000014c        0x4 ./Core/Src/main.o
                0x2000014c                ultraRecording
 .bss.ultraLowsInRow
                0x20000150        0x4 ./Core/Src/main.o
                0x20000150                ultraLowsInRow
 .bss.lengthManual
                0x20000154        0x1 ./Core/Src/main.o
                0x20000154                lengthManual
 *fill*         0x20000155        0x3 
 .bss.samplesManualOUT
                0x20000158        0x4 ./Core/Src/main.o
                0x20000158                samplesManualOUT
 .bss.in1       0x2000015c        0x1 ./Core/Src/main.o
                0x2000015c                in1
 .bss.in2       0x2000015d        0x1 ./Core/Src/main.o
                0x2000015d                in2
 .bss.out1      0x2000015e        0x1 ./Core/Src/main.o
                0x2000015e                out1
 *fill*         0x2000015f        0x1 
 .bss.uwTick    0x20000160        0x4 ./Drivers/STM32L4xx_HAL_Driver/Src/stm32l4xx_hal.o
                0x20000160                uwTick
 *(COMMON)
                0x20000164                        . = ALIGN (0x4)
                0x20000164                        _ebss = .
                0x20000164                        __bss_end__ = _ebss

._user_heap_stack
                0x20000164      0x604 load address 0x080031a8
                0x20000168                        . = ALIGN (0x8)
 *fill*         0x20000164        0x4 
                [!provide]                        PROVIDE (end = .)
                0x20000168                        PROVIDE (_end = .)
                0x20000368                        . = (. + _Min_Heap_Size)
 *fill*         0x20000168      0x200 
                0x20000768                        . = (. + _Min_Stack_Size)
 *fill*         0x20000368      0x400 
                0x20000768                        . = ALIGN (0x8)

/DISCARD/
 libc.a(*)
 libm.a(*)
 libgcc.a(*)

.ARM.attributes
                0x00000000       0x30
 *(.ARM.attributes)
 .ARM.attributes
                0x00000000       0x22 /Volumes/C_APFS/ExternalApplications/STM32CubeIDE.app/Contents/Eclipse/plugins/com.st.stm32cube.ide.mcu.externaltools.gnu-tools-for-stm32.13.3.rel1.macos64_1.0.0.202411102158/tools/bin/../lib/gcc/arm-none-eabi/13.3.1/thumb/v7e-m+fp/hard/crti.o
 .ARM.attributes
                0x00000022       0x34 /Volumes/C_APFS/ExternalApplications/STM32CubeIDE.app/Contents/Eclipse/plugins/com.st.stm32cube.ide.mcu.externaltools.gnu-tools-for-stm32.13.3.rel1.macos64_1.0.0.202411102158/tools/bin/../lib/gcc/arm-none-eabi/13.3.1/thumb/v7e-m+fp/hard/crtbegin.o
 .ARM.attributes
                0x00000056       0x34 ./Core/Src/main.o
 .ARM.attributes
                0x0000008a       0x34 ./Core/Src/stm32l4xx_hal_msp.o
 .ARM.attributes
                0x000000be       0x34 ./Core/Src/stm32l4xx_it.o
 .ARM.attributes
                0x000000f2       0x34 ./Core/Src/system_stm32l4xx.o
 .ARM.attributes
                0x00000126       0x21 ./Core/Startup/startup_stm32l432kcux.o
 .ARM.attributes
                0x00000147       0x34 ./Drivers/STM32L4xx_HAL_Driver/Src/stm32l4xx_hal.o
 .ARM.attributes
                0x0000017b       0x34 ./Drivers/STM32L4xx_HAL_Driver/Src/stm32l4xx_hal_cortex.o
 .ARM.attributes
                0x000001af       0x34 ./Drivers/STM32L4xx_HAL_Driver/Src/stm32l4xx_hal_gpio.o
 .ARM.attributes
                0x000001e3       0x34 ./Drivers/STM32L4xx_HAL_Driver/Src/stm32l4xx_hal_pwr.o
 .ARM.attributes
                0x00000217       0x34 ./Drivers/STM32L4xx_HAL_Driver/Src/stm32l4xx_hal_pwr_ex.o
 .ARM.attributes
                0x0000024b       0x34 ./Drivers/STM32L4xx_HAL_Driver/Src/stm32l4xx_hal_rcc.o
 .ARM.attributes
                0x0000027f       0x34 ./Drivers/STM32L4xx_HAL_Driver/Src/stm32l4xx_hal_rcc_ex.o
 .ARM.attributes
                0x000002b3       0x34 ./Drivers/STM32L4xx_HAL_Driver/Src/stm32l4xx_hal_uart.o
 .ARM.attributes
                0x000002e7       0x34 /Volumes/C_APFS/ExternalApplications/STM32CubeIDE.app/Contents/Eclipse/plugins/com.st.stm32cube.ide.mcu.externaltools.gnu-tools-for-stm32.13.3.rel1.macos64_1.0.0.202411102158/tools/bin/../lib/gcc/arm-none-eabi/13.3.1/../../../../arm-none-eabi/lib/thumb/v7e-m+fp/hard/libc_nano.a(libc_a-memset.o)
 .ARM.attributes
                0x0000031b       0x34 /Volumes/C_APFS/ExternalApplications/STM32CubeIDE.app/Contents/Eclipse/plugins/com.st.stm32cube.ide.mcu.externaltools.gnu-tools-for-stm32.13.3.rel1.macos64_1.0.0.202411102158/tools/bin/../lib/gcc/arm-none-eabi/13.3.1/../../../../arm-none-eabi/lib/thumb/v7e-m+fp/hard/libc_nano.a(libc_a-init.o)
 .ARM.attributes
                0x0000034f       0x22 /Volumes/C_APFS/ExternalApplications/STM32CubeIDE.app/Contents/Eclipse/plugins/com.st.stm32cube.ide.mcu.externaltools.gnu-tools-for-stm32.13.3.rel1.macos64_1.0.0.202411102158/tools/bin/../lib/gcc/arm-none-eabi/13.3.1/thumb/v7e-m+fp/hard/libgcc.a(_aeabi_uldivmod.o)
 .ARM.attributes
                0x00000371       0x34 /Volumes/C_APFS/ExternalApplications/STM32CubeIDE.app/Contents/Eclipse/plugins/com.st.stm32cube.ide.mcu.externaltools.gnu-tools-for-stm32.13.3.rel1.macos64_1.0.0.202411102158/tools/bin/../lib/gcc/arm-none-eabi/13.3.1/thumb/v7e-m+fp/hard/libgcc.a(_udivmoddi4.o)
 .ARM.attributes
                0x000003a5       0x22 /Volumes/C_APFS/ExternalApplications/STM32CubeIDE.app/Contents/Eclipse/plugins/com.st.stm32cube.ide.mcu.externaltools.gnu-tools-for-stm32.13.3.rel1.macos64_1.0.0.202411102158/tools/bin/../lib/gcc/arm-none-eabi/13.3.1/thumb/v7e-m+fp/hard/libgcc.a(_dvmd_tls.o)
 .ARM.attributes
                0x000003c7       0x22 /Volumes/C_APFS/ExternalApplications/STM32CubeIDE.app/Contents/Eclipse/plugins/com.st.stm32cube.ide.mcu.externaltools.gnu-tools-for-stm32.13.3.rel1.macos64_1.0.0.202411102158/tools/bin/../lib/gcc/arm-none-eabi/13.3.1/thumb/v7e-m+fp/hard/crtn.o
OUTPUT(stm_2_project.elf elf32-littlearm)
LOAD linker stubs
LOAD /Volumes/C_APFS/ExternalApplications/STM32CubeIDE.app/Contents/Eclipse/plugins/com.st.stm32cube.ide.mcu.externaltools.gnu-tools-for-stm32.13.3.rel1.macos64_1.0.0.202411102158/tools/bin/../lib/gcc/arm-none-eabi/13.3.1/../../../../arm-none-eabi/lib/thumb/v7e-m+fp/hard/libc.a
LOAD /Volumes/C_APFS/ExternalApplications/STM32CubeIDE.app/Contents/Eclipse/plugins/com.st.stm32cube.ide.mcu.externaltools.gnu-tools-for-stm32.13.3.rel1.macos64_1.0.0.202411102158/tools/bin/../lib/gcc/arm-none-eabi/13.3.1/../../../../arm-none-eabi/lib/thumb/v7e-m+fp/hard/libm.a
LOAD /Volumes/C_APFS/ExternalApplications/STM32CubeIDE.app/Contents/Eclipse/plugins/com.st.stm32cube.ide.mcu.externaltools.gnu-tools-for-stm32.13.3.rel1.macos64_1.0.0.202411102158/tools/bin/../lib/gcc/arm-none-eabi/13.3.1/thumb/v7e-m+fp/hard/libgcc.a

.debug_info     0x00000000     0xab7c
 .debug_info    0x00000000      0xf71 ./Core/Src/main.o
 .debug_info    0x00000f71      0xc86 ./Core/Src/stm32l4xx_hal_msp.o
 .debug_info    0x00001bf7      0x157 ./Core/Src/stm32l4xx_it.o
 .debug_info    0x00001d4e      0x5f0 ./Core/Src/system_stm32l4xx.o
 .debug_info    0x0000233e       0x30 ./Core/Startup/startup_stm32l432kcux.o
 .debug_info    0x0000236e      0x9e0 ./Drivers/STM32L4xx_HAL_Driver/Src/stm32l4xx_hal.o
 .debug_info    0x00002d4e      0xd2f ./Drivers/STM32L4xx_HAL_Driver/Src/stm32l4xx_hal_cortex.o
 .debug_info    0x00003a7d      0x79f ./Drivers/STM32L4xx_HAL_Driver/Src/stm32l4xx_hal_gpio.o
 .debug_info    0x0000421c      0x958 ./Drivers/STM32L4xx_HAL_Driver/Src/stm32l4xx_hal_pwr.o
 .debug_info    0x00004b74      0x94c ./Drivers/STM32L4xx_HAL_Driver/Src/stm32l4xx_hal_pwr_ex.o
 .debug_info    0x000054c0      0xbf4 ./Drivers/STM32L4xx_HAL_Driver/Src/stm32l4xx_hal_rcc.o
 .debug_info    0x000060b4      0xf2c ./Drivers/STM32L4xx_HAL_Driver/Src/stm32l4xx_hal_rcc_ex.o
 .debug_info    0x00006fe0     0x3b9c ./Drivers/STM32L4xx_HAL_Driver/Src/stm32l4xx_hal_uart.o

.debug_abbrev   0x00000000     0x1a1c
 .debug_abbrev  0x00000000      0x304 ./Core/Src/main.o
 .debug_abbrev  0x00000304      0x1d1 ./Core/Src/stm32l4xx_hal_msp.o
 .debug_abbrev  0x000004d5       0xac ./Core/Src/stm32l4xx_it.o
 .debug_abbrev  0x00000581      0x117 ./Core/Src/system_stm32l4xx.o
 .debug_abbrev  0x00000698       0x24 ./Core/Startup/startup_stm32l432kcux.o
 .debug_abbrev  0x000006bc      0x226 ./Drivers/STM32L4xx_HAL_Driver/Src/stm32l4xx_hal.o
 .debug_abbrev  0x000008e2      0x31c ./Drivers/STM32L4xx_HAL_Driver/Src/stm32l4xx_hal_cortex.o
 .debug_abbrev  0x00000bfe      0x1d1 ./Drivers/STM32L4xx_HAL_Driver/Src/stm32l4xx_hal_gpio.o
 .debug_abbrev  0x00000dcf      0x1e5 ./Drivers/STM32L4xx_HAL_Driver/Src/stm32l4xx_hal_pwr.o
 .debug_abbrev  0x00000fb4      0x1f9 ./Drivers/STM32L4xx_HAL_Driver/Src/stm32l4xx_hal_pwr_ex.o
 .debug_abbrev  0x000011ad      0x2dc ./Drivers/STM32L4xx_HAL_Driver/Src/stm32l4xx_hal_rcc.o
 .debug_abbrev  0x00001489      0x2a0 ./Drivers/STM32L4xx_HAL_Driver/Src/stm32l4xx_hal_rcc_ex.o
 .debug_abbrev  0x00001729      0x2f3 ./Drivers/STM32L4xx_HAL_Driver/Src/stm32l4xx_hal_uart.o

.debug_aranges  0x00000000      0x938
 .debug_aranges
                0x00000000       0x68 ./Core/Src/main.o
 .debug_aranges
                0x00000068       0x30 ./Core/Src/stm32l4xx_hal_msp.o
 .debug_aranges
                0x00000098       0x60 ./Core/Src/stm32l4xx_it.o
 .debug_aranges
                0x000000f8       0x28 ./Core/Src/system_stm32l4xx.o
 .debug_aranges
                0x00000120       0x28 ./Core/Startup/startup_stm32l432kcux.o
 .debug_aranges
                0x00000148      0x108 ./Drivers/STM32L4xx_HAL_Driver/Src/stm32l4xx_hal.o
 .debug_aranges
                0x00000250      0x128 ./Drivers/STM32L4xx_HAL_Driver/Src/stm32l4xx_hal_cortex.o
 .debug_aranges
                0x00000378       0x58 ./Drivers/STM32L4xx_HAL_Driver/Src/stm32l4xx_hal_gpio.o
 .debug_aranges
                0x000003d0       0x98 ./Drivers/STM32L4xx_HAL_Driver/Src/stm32l4xx_hal_pwr.o
 .debug_aranges
                0x00000468      0x128 ./Drivers/STM32L4xx_HAL_Driver/Src/stm32l4xx_hal_pwr_ex.o
 .debug_aranges
                0x00000590       0x90 ./Drivers/STM32L4xx_HAL_Driver/Src/stm32l4xx_hal_rcc.o
 .debug_aranges
                0x00000620       0xf0 ./Drivers/STM32L4xx_HAL_Driver/Src/stm32l4xx_hal_rcc_ex.o
 .debug_aranges
                0x00000710      0x228 ./Drivers/STM32L4xx_HAL_Driver/Src/stm32l4xx_hal_uart.o

.debug_rnglists
                0x00000000      0x70a
 .debug_rnglists
                0x00000000       0x4c ./Core/Src/main.o
 .debug_rnglists
                0x0000004c       0x20 ./Core/Src/stm32l4xx_hal_msp.o
 .debug_rnglists
                0x0000006c       0x43 ./Core/Src/stm32l4xx_it.o
 .debug_rnglists
                0x000000af       0x1a ./Core/Src/system_stm32l4xx.o
 .debug_rnglists
                0x000000c9       0x19 ./Core/Startup/startup_stm32l432kcux.o
 .debug_rnglists
                0x000000e2       0xc1 ./Drivers/STM32L4xx_HAL_Driver/Src/stm32l4xx_hal.o
 .debug_rnglists
                0x000001a3       0xda ./Drivers/STM32L4xx_HAL_Driver/Src/stm32l4xx_hal_cortex.o
 .debug_rnglists
                0x0000027d       0x3f ./Drivers/STM32L4xx_HAL_Driver/Src/stm32l4xx_hal_gpio.o
 .debug_rnglists
                0x000002bc       0x6e ./Drivers/STM32L4xx_HAL_Driver/Src/stm32l4xx_hal_pwr.o
 .debug_rnglists
                0x0000032a       0xdf ./Drivers/STM32L4xx_HAL_Driver/Src/stm32l4xx_hal_pwr_ex.o
 .debug_rnglists
                0x00000409       0x6d ./Drivers/STM32L4xx_HAL_Driver/Src/stm32l4xx_hal_rcc.o
 .debug_rnglists
                0x00000476       0xba ./Drivers/STM32L4xx_HAL_Driver/Src/stm32l4xx_hal_rcc_ex.o
 .debug_rnglists
                0x00000530      0x1da ./Drivers/STM32L4xx_HAL_Driver/Src/stm32l4xx_hal_uart.o

.debug_macro    0x00000000    0x1f187
 .debug_macro   0x00000000      0x1ca ./Core/Src/main.o
 .debug_macro   0x000001ca      0xad8 ./Core/Src/main.o
 .debug_macro   0x00000ca2      0x1a1 ./Core/Src/main.o
 .debug_macro   0x00000e43       0x2e ./Core/Src/main.o
 .debug_macro   0x00000e71       0x28 ./Core/Src/main.o
 .debug_macro   0x00000e99       0x22 ./Core/Src/main.o
 .debug_macro   0x00000ebb       0x8e ./Core/Src/main.o
 .debug_macro   0x00000f49       0x51 ./Core/Src/main.o
 .debug_macro   0x00000f9a      0x103 ./Core/Src/main.o
 .debug_macro   0x0000109d       0x6a ./Core/Src/main.o
 .debug_macro   0x00001107      0x1df ./Core/Src/main.o
 .debug_macro   0x000012e6       0x1c ./Core/Src/main.o
 .debug_macro   0x00001302       0x22 ./Core/Src/main.o
 .debug_macro   0x00001324       0xfb ./Core/Src/main.o
 .debug_macro   0x0000141f     0x1011 ./Core/Src/main.o
 .debug_macro   0x00002430      0x11f ./Core/Src/main.o
 .debug_macro   0x0000254f    0x147a6 ./Core/Src/main.o
 .debug_macro   0x00016cf5       0x6d ./Core/Src/main.o
 .debug_macro   0x00016d62     0x38fb ./Core/Src/main.o
 .debug_macro   0x0001a65d      0x190 ./Core/Src/main.o
 .debug_macro   0x0001a7ed       0x5c ./Core/Src/main.o
 .debug_macro   0x0001a849     0x11ca ./Core/Src/main.o
 .debug_macro   0x0001ba13      0x53c ./Core/Src/main.o
 .debug_macro   0x0001bf4f      0x1b9 ./Core/Src/main.o
 .debug_macro   0x0001c108      0x122 ./Core/Src/main.o
 .debug_macro   0x0001c22a      0x2c4 ./Core/Src/main.o
 .debug_macro   0x0001c4ee      0x27a ./Core/Src/main.o
 .debug_macro   0x0001c768      0x23d ./Core/Src/main.o
 .debug_macro   0x0001c9a5      0x241 ./Core/Src/main.o
 .debug_macro   0x0001cbe6      0x375 ./Core/Src/main.o
 .debug_macro   0x0001cf5b       0xd6 ./Core/Src/main.o
 .debug_macro   0x0001d031      0x122 ./Core/Src/main.o
 .debug_macro   0x0001d153      0x356 ./Core/Src/main.o
 .debug_macro   0x0001d4a9      0x5cf ./Core/Src/main.o
 .debug_macro   0x0001da78       0x44 ./Core/Src/main.o
 .debug_macro   0x0001dabc      0x220 ./Core/Src/main.o
 .debug_macro   0x0001dcdc       0x4c ./Core/Src/main.o
 .debug_macro   0x0001dd28      0x1ca ./Core/Src/stm32l4xx_hal_msp.o
 .debug_macro   0x0001def2      0x1d4 ./Core/Src/stm32l4xx_it.o
 .debug_macro   0x0001e0c6      0x1bb ./Core/Src/system_stm32l4xx.o
 .debug_macro   0x0001e281      0x203 ./Drivers/STM32L4xx_HAL_Driver/Src/stm32l4xx_hal.o
 .debug_macro   0x0001e484      0x1bb ./Drivers/STM32L4xx_HAL_Driver/Src/stm32l4xx_hal_cortex.o
 .debug_macro   0x0001e63f      0x1c2 ./Drivers/STM32L4xx_HAL_Driver/Src/stm32l4xx_hal_gpio.o
 .debug_macro   0x0001e801      0x1d3 ./Drivers/STM32L4xx_HAL_Driver/Src/stm32l4xx_hal_pwr.o
 .debug_macro   0x0001e9d4      0x1df ./Drivers/STM32L4xx_HAL_Driver/Src/stm32l4xx_hal_pwr_ex.o
 .debug_macro   0x0001ebb3      0x1fd ./Drivers/STM32L4xx_HAL_Driver/Src/stm32l4xx_hal_rcc.o
 .debug_macro   0x0001edb0      0x1f1 ./Drivers/STM32L4xx_HAL_Driver/Src/stm32l4xx_hal_rcc_ex.o
 .debug_macro   0x0001efa1      0x1e6 ./Drivers/STM32L4xx_HAL_Driver/Src/stm32l4xx_hal_uart.o

.debug_line     0x00000000     0xa96d
 .debug_line    0x00000000      0x977 ./Core/Src/main.o
 .debug_line    0x00000977      0x7d3 ./Core/Src/stm32l4xx_hal_msp.o
 .debug_line    0x0000114a      0x7cc ./Core/Src/stm32l4xx_it.o
 .debug_line    0x00001916      0x7bb ./Core/Src/system_stm32l4xx.o
 .debug_line    0x000020d1       0x7a ./Core/Startup/startup_stm32l432kcux.o
 .debug_line    0x0000214b      0xa88 ./Drivers/STM32L4xx_HAL_Driver/Src/stm32l4xx_hal.o
 .debug_line    0x00002bd3      0xcbe ./Drivers/STM32L4xx_HAL_Driver/Src/stm32l4xx_hal_cortex.o
 .debug_line    0x00003891      0xafa ./Drivers/STM32L4xx_HAL_Driver/Src/stm32l4xx_hal_gpio.o
 .debug_line    0x0000438b      0x8ee ./Drivers/STM32L4xx_HAL_Driver/Src/stm32l4xx_hal_pwr.o
 .debug_line    0x00004c79      0xc0c ./Drivers/STM32L4xx_HAL_Driver/Src/stm32l4xx_hal_pwr_ex.o
 .debug_line    0x00005885     0x10c6 ./Drivers/STM32L4xx_HAL_Driver/Src/stm32l4xx_hal_rcc.o
 .debug_line    0x0000694b     0x1348 ./Drivers/STM32L4xx_HAL_Driver/Src/stm32l4xx_hal_rcc_ex.o
 .debug_line    0x00007c93     0x2cda ./Drivers/STM32L4xx_HAL_Driver/Src/stm32l4xx_hal_uart.o

.debug_str      0x00000000    0xbcf3f
 .debug_str     0x00000000    0xbcf3f ./Core/Src/main.o
                              0xba879 (size before relaxing)
 .debug_str     0x000bcf3f    0xba731 ./Core/Src/stm32l4xx_hal_msp.o
 .debug_str     0x000bcf3f    0xb9f95 ./Core/Src/stm32l4xx_it.o
 .debug_str     0x000bcf3f    0xba013 ./Core/Src/system_stm32l4xx.o
 .debug_str     0x000bcf3f       0xa0 ./Core/Startup/startup_stm32l432kcux.o
 .debug_str     0x000bcf3f    0xba9b5 ./Drivers/STM32L4xx_HAL_Driver/Src/stm32l4xx_hal.o
 .debug_str     0x000bcf3f    0xba773 ./Drivers/STM32L4xx_HAL_Driver/Src/stm32l4xx_hal_cortex.o
 .debug_str     0x000bcf3f    0xba199 ./Drivers/STM32L4xx_HAL_Driver/Src/stm32l4xx_hal_gpio.o
 .debug_str     0x000bcf3f    0xba35d ./Drivers/STM32L4xx_HAL_Driver/Src/stm32l4xx_hal_pwr.o
 .debug_str     0x000bcf3f    0xba4bb ./Drivers/STM32L4xx_HAL_Driver/Src/stm32l4xx_hal_pwr_ex.o
 .debug_str     0x000bcf3f    0xba613 ./Drivers/STM32L4xx_HAL_Driver/Src/stm32l4xx_hal_rcc.o
 .debug_str     0x000bcf3f    0xba885 ./Drivers/STM32L4xx_HAL_Driver/Src/stm32l4xx_hal_rcc_ex.o
 .debug_str     0x000bcf3f    0xbad6b ./Drivers/STM32L4xx_HAL_Driver/Src/stm32l4xx_hal_uart.o

.comment        0x00000000       0x43
 .comment       0x00000000       0x43 ./Core/Src/main.o
                                 0x44 (size before relaxing)
 .comment       0x00000043       0x44 ./Core/Src/stm32l4xx_hal_msp.o
 .comment       0x00000043       0x44 ./Core/Src/stm32l4xx_it.o
 .comment       0x00000043       0x44 ./Core/Src/system_stm32l4xx.o
 .comment       0x00000043       0x44 ./Drivers/STM32L4xx_HAL_Driver/Src/stm32l4xx_hal.o
 .comment       0x00000043       0x44 ./Drivers/STM32L4xx_HAL_Driver/Src/stm32l4xx_hal_cortex.o
 .comment       0x00000043       0x44 ./Drivers/STM32L4xx_HAL_Driver/Src/stm32l4xx_hal_gpio.o
 .comment       0x00000043       0x44 ./Drivers/STM32L4xx_HAL_Driver/Src/stm32l4xx_hal_pwr.o
 .comment       0x00000043       0x44 ./Drivers/STM32L4xx_HAL_Driver/Src/stm32l4xx_hal_pwr_ex.o
 .comment       0x00000043       0x44 ./Drivers/STM32L4xx_HAL_Driver/Src/stm32l4xx_hal_rcc.o
 .comment       0x00000043       0x44 ./Drivers/STM32L4xx_HAL_Driver/Src/stm32l4xx_hal_rcc_ex.o
 .comment       0x00000043       0x44 ./Drivers/STM32L4xx_HAL_Driver/Src/stm32l4xx_hal_uart.o

.debug_frame    0x00000000     0x249c
 .debug_frame   0x00000000      0x14c ./Core/Src/main.o
 .debug_frame   0x0000014c       0x84 ./Core/Src/stm32l4xx_hal_msp.o
 .debug_frame   0x000001d0      0x104 ./Core/Src/stm32l4xx_it.o
 .debug_frame   0x000002d4       0x58 ./Core/Src/system_stm32l4xx.o
 .debug_frame   0x0000032c      0x3dc ./Drivers/STM32L4xx_HAL_Driver/Src/stm32l4xx_hal.o
 .debug_frame   0x00000708      0x4e8 ./Drivers/STM32L4xx_HAL_Driver/Src/stm32l4xx_hal_cortex.o
 .debug_frame   0x00000bf0      0x14c ./Drivers/STM32L4xx_HAL_Driver/Src/stm32l4xx_hal_gpio.o
 .debug_frame   0x00000d3c      0x230 ./Drivers/STM32L4xx_HAL_Driver/Src/stm32l4xx_hal_pwr.o
 .debug_frame   0x00000f6c      0x4a4 ./Drivers/STM32L4xx_HAL_Driver/Src/stm32l4xx_hal_pwr_ex.o
 .debug_frame   0x00001410      0x21c ./Drivers/STM32L4xx_HAL_Driver/Src/stm32l4xx_hal_rcc.o
 .debug_frame   0x0000162c      0x3d0 ./Drivers/STM32L4xx_HAL_Driver/Src/stm32l4xx_hal_rcc_ex.o
 .debug_frame   0x000019fc      0x9f4 ./Drivers/STM32L4xx_HAL_Driver/Src/stm32l4xx_hal_uart.o
 .debug_frame   0x000023f0       0x20 /Volumes/C_APFS/ExternalApplications/STM32CubeIDE.app/Contents/Eclipse/plugins/com.st.stm32cube.ide.mcu.externaltools.gnu-tools-for-stm32.13.3.rel1.macos64_1.0.0.202411102158/tools/bin/../lib/gcc/arm-none-eabi/13.3.1/../../../../arm-none-eabi/lib/thumb/v7e-m+fp/hard/libc_nano.a(libc_a-memset.o)
 .debug_frame   0x00002410       0x2c /Volumes/C_APFS/ExternalApplications/STM32CubeIDE.app/Contents/Eclipse/plugins/com.st.stm32cube.ide.mcu.externaltools.gnu-tools-for-stm32.13.3.rel1.macos64_1.0.0.202411102158/tools/bin/../lib/gcc/arm-none-eabi/13.3.1/../../../../arm-none-eabi/lib/thumb/v7e-m+fp/hard/libc_nano.a(libc_a-init.o)
 .debug_frame   0x0000243c       0x2c /Volumes/C_APFS/ExternalApplications/STM32CubeIDE.app/Contents/Eclipse/plugins/com.st.stm32cube.ide.mcu.externaltools.gnu-tools-for-stm32.13.3.rel1.macos64_1.0.0.202411102158/tools/bin/../lib/gcc/arm-none-eabi/13.3.1/thumb/v7e-m+fp/hard/libgcc.a(_aeabi_uldivmod.o)
 .debug_frame   0x00002468       0x34 /Volumes/C_APFS/ExternalApplications/STM32CubeIDE.app/Contents/Eclipse/plugins/com.st.stm32cube.ide.mcu.externaltools.gnu-tools-for-stm32.13.3.rel1.macos64_1.0.0.202411102158/tools/bin/../lib/gcc/arm-none-eabi/13.3.1/thumb/v7e-m+fp/hard/libgcc.a(_udivmoddi4.o)

.debug_line_str
                0x00000000       0x84
 .debug_line_str
                0x00000000       0x84 ./Core/Startup/startup_stm32l432kcux.o
