../Core/Src/main.c:83:5:main	24	static
../Core/Src/main.c:182:6:SystemClock_Config	96	static
../Core/Src/main.c:243:13:MX_USART1_UART_Init	8	static
../Core/Src/main.c:278:13:MX_USART2_UART_Init	8	static
../Core/Src/main.c:313:13:MX_GPIO_Init	40	static
../Core/Src/main.c:341:6:checkMode	16	static
../Core/Src/main.c:348:6:checkUltra	16	static
../Core/Src/main.c:353:6:sendUltraStart	8	static
../Core/Src/main.c:356:6:sendUltraEnd	8	static
../Core/Src/main.c:365:6:Error_Handler	4	static,ignoring_inline_asm
