../Core/Src/main.c:85:5:main	24	static
../Core/Src/main.c:197:6:SystemClock_Config	96	static
../Core/Src/main.c:247:13:MX_TIM2_Init	40	static
../Core/Src/main.c:295:13:MX_USART1_UART_Init	8	static
../Core/Src/main.c:330:13:MX_USART2_UART_Init	8	static
../Core/Src/main.c:365:13:MX_GPIO_Init	40	static
../Core/Src/main.c:409:6:checkMode	16	static
../Core/Src/main.c:417:6:checkUltra	32	static
../Core/Src/main.c:458:6:sendUltraEnd	8	static
../Core/Src/main.c:467:6:Error_Handler	4	static,ignoring_inline_asm
